TAP version 13
# Subtest: file selection clears old preview synchronously and ignores a late stale read
ok 1 - file selection clears old preview synchronously and ignores a late stale read
  ---
  duration_ms: 31.6493
  type: 'test'
  ...
# Subtest: completed CSV preview can be rerun after choosing a different workspace
ok 2 - completed CSV preview can be rerun after choosing a different workspace
  ---
  duration_ms: 33.946
  type: 'test'
  ...
# Subtest: a started save completes without overwriting a newer file selected during-save
ok 3 - a started save completes without overwriting a newer file selected during-save
  ---
  duration_ms: 53.6829
  type: 'test'
  ...
# Subtest: a started save completes without overwriting a newer file selected during-render
ok 4 - a started save completes without overwriting a newer file selected during-render
  ---
  duration_ms: 62.1454
  type: 'test'
  ...
1..4
# tests 4
# suites 0
# pass 4
# fail 0
# cancelled 0
# skipped 0
# todo 0
# duration_ms 313.7415
